2026-06-04T16:10:01 [INFO] START JRC144121_01.pdf
2026-06-04T16:10:05 [INFO] EXTRACTED 360945 chars from JRC144121_01.pdf
2026-06-04T16:10:05 [ERROR] FAILED JRC144121_01.pdf: [Errno 2] No such file or directory: 'C:\\Windows\\kb-framework\\agents\\wikipedia-style.md'
2026-06-04T16:10:05 [INFO] START Webinar VSME - Marlou Duchateau en Esther Roelofsen.pdf
2026-06-04T16:10:06 [INFO] EXTRACTED 9137 chars from Webinar VSME - Marlou Duchateau en Esther Roelofsen.pdf
2026-06-04T16:10:06 [ERROR] FAILED Webinar VSME - Marlou Duchateau en Esther Roelofsen.pdf: [Errno 2] No such file or directory: 'C:\\Windows\\kb-framework\\agents\\wikipedia-style.md'
2026-06-04T16:12:35 [INFO] START JRC144121_01.pdf
2026-06-04T16:12:39 [INFO] EXTRACTED 360945 chars from JRC144121_01.pdf
2026-06-04T16:12:40 [ERROR] FAILED JRC144121_01.pdf: "Could not resolve authentication method. Expected either api_key or auth_token to be set. Or for one of the `X-Api-Key` or `Authorization` headers to be explicitly omitted"
2026-06-04T16:12:40 [INFO] START Webinar VSME - Marlou Duchateau en Esther Roelofsen.pdf
2026-06-04T16:12:40 [INFO] EXTRACTED 9137 chars from Webinar VSME - Marlou Duchateau en Esther Roelofsen.pdf
2026-06-04T16:12:40 [ERROR] FAILED Webinar VSME - Marlou Duchateau en Esther Roelofsen.pdf: "Could not resolve authentication method. Expected either api_key or auth_token to be set. Or for one of the `X-Api-Key` or `Authorization` headers to be explicitly omitted"
2026-06-04T17:01:34 [INFO] START 6 ESG Reporting frameworks.pdf
2026-06-04T17:01:35 [INFO] EXTRACTED 2753 chars from 6 ESG Reporting frameworks.pdf
2026-06-04T17:01:35 [ERROR] FAILED 6 ESG Reporting frameworks.pdf: "Could not resolve authentication method. Expected either api_key or auth_token to be set. Or for one of the `X-Api-Key` or `Authorization` headers to be explicitly omitted"
2026-06-04T17:01:35 [INFO] START Due Diligence in 6 stappen-NL-sep2021.pdf
2026-06-04T17:01:36 [INFO] EXTRACTED 5883 chars from Due Diligence in 6 stappen-NL-sep2021.pdf
2026-06-04T17:01:36 [ERROR] FAILED Due Diligence in 6 stappen-NL-sep2021.pdf: "Could not resolve authentication method. Expected either api_key or auth_token to be set. Or for one of the `X-Api-Key` or `Authorization` headers to be explicitly omitted"
2026-06-04T17:01:36 [INFO] START ESG Business Handbook.pdf
2026-06-04T17:01:37 [INFO] EXTRACTED 117657 chars from ESG Business Handbook.pdf
2026-06-04T17:01:38 [ERROR] FAILED ESG Business Handbook.pdf: "Could not resolve authentication method. Expected either api_key or auth_token to be set. Or for one of the `X-Api-Key` or `Authorization` headers to be explicitly omitted"
2026-06-04T17:08:46 [INFO] START 6 ESG Reporting frameworks.pdf
2026-06-04T17:08:46 [INFO] EXTRACTED 2753 chars from 6 ESG Reporting frameworks.pdf
2026-06-04T17:09:23 [ERROR] FAILED 6 ESG Reporting frameworks.pdf: 'charmap' codec can't encode character '\u2192' in position 65: character maps to <undefined>
2026-06-04T17:09:23 [INFO] START Due Diligence in 6 stappen-NL-sep2021.pdf
2026-06-04T17:09:23 [INFO] EXTRACTED 5883 chars from Due Diligence in 6 stappen-NL-sep2021.pdf
2026-06-04T17:09:53 [ERROR] FAILED Due Diligence in 6 stappen-NL-sep2021.pdf: 'charmap' codec can't encode character '\u2192' in position 76: character maps to <undefined>
2026-06-04T17:09:53 [INFO] START ESG Business Handbook.pdf
2026-06-04T17:09:55 [INFO] EXTRACTED 117657 chars from ESG Business Handbook.pdf
2026-06-04T17:10:41 [ERROR] FAILED ESG Business Handbook.pdf: 'charmap' codec can't encode character '\u2192' in position 60: character maps to <undefined>
2026-06-04T17:10:41 [INFO] START JRC144121_01.pdf
2026-06-04T17:10:45 [INFO] EXTRACTED 360945 chars from JRC144121_01.pdf
2026-06-04T17:11:18 [ERROR] FAILED JRC144121_01.pdf: 'charmap' codec can't encode character '\u2192' in position 51: character maps to <undefined>
2026-06-04T17:11:18 [INFO] START Webinar VSME - Marlou Duchateau en Esther Roelofsen.pdf
2026-06-04T17:11:19 [INFO] EXTRACTED 9137 chars from Webinar VSME - Marlou Duchateau en Esther Roelofsen.pdf
2026-06-04T17:12:08 [ERROR] FAILED Webinar VSME - Marlou Duchateau en Esther Roelofsen.pdf: 'charmap' codec can't encode character '\u2192' in position 90: character maps to <undefined>
2026-06-04T17:14:32 [INFO] START 6 ESG Reporting frameworks.pdf
2026-06-04T17:14:33 [INFO] EXTRACTED 2753 chars from 6 ESG Reporting frameworks.pdf
2026-06-04T17:15:05 [INFO] WRITTEN docs\reports\2026\6-esg-reporting-frameworks.md
2026-06-04T17:15:05 [INFO] DONE 6 ESG Reporting frameworks.pdf → 6-esg-reporting-frameworks.md
2026-06-04T17:15:06 [INFO] START Due Diligence in 6 stappen-NL-sep2021.pdf
2026-06-04T17:15:06 [INFO] EXTRACTED 5883 chars from Due Diligence in 6 stappen-NL-sep2021.pdf
2026-06-04T17:15:40 [INFO] WRITTEN docs\reports\2026\due-diligence-in-6-stappen-nl-sep2021.md
2026-06-04T17:15:40 [INFO] DONE Due Diligence in 6 stappen-NL-sep2021.pdf → due-diligence-in-6-stappen-nl-sep2021.md
2026-06-04T17:15:40 [INFO] START ESG Business Handbook.pdf
2026-06-04T17:15:41 [INFO] EXTRACTED 117657 chars from ESG Business Handbook.pdf
2026-06-04T17:16:36 [INFO] WRITTEN docs\reports\2026\esg-business-handbook.md
2026-06-04T17:16:36 [INFO] DONE ESG Business Handbook.pdf → esg-business-handbook.md
2026-06-04T17:16:36 [INFO] START JRC144121_01.pdf
2026-06-04T17:16:41 [INFO] EXTRACTED 360945 chars from JRC144121_01.pdf
2026-06-04T17:17:12 [INFO] WRITTEN docs\reports\2026\jrc144121_01.md
2026-06-04T17:17:12 [INFO] DONE JRC144121_01.pdf → jrc144121_01.md
2026-06-04T17:17:12 [INFO] START Webinar VSME - Marlou Duchateau en Esther Roelofsen.pdf
2026-06-04T17:17:12 [INFO] EXTRACTED 9137 chars from Webinar VSME - Marlou Duchateau en Esther Roelofsen.pdf
2026-06-04T17:17:59 [INFO] WRITTEN docs\reports\2026\webinar-vsme---marlou-duchateau-en-esther-roelofsen.md
2026-06-04T17:17:59 [INFO] DONE Webinar VSME - Marlou Duchateau en Esther Roelofsen.pdf → webinar-vsme---marlou-duchateau-en-esther-roelofsen.md
2026-06-08T15:59:25 [INFO] BOOTSTRAP_CLEAN removed 25 files
2026-06-08T16:00:01 [INFO] BOOTSTRAP_MERGED 6 ESG Reporting frameworks.pdf -> frameworks/gri/index.md
2026-06-08T16:00:01 [INFO] BOOTSTRAP_MERGED 6 ESG Reporting frameworks.pdf -> standards/esrs/index.md
2026-06-08T16:00:01 [INFO] BOOTSTRAP_MERGED 6 ESG Reporting frameworks.pdf -> standards/csrd/index.md
2026-06-08T16:00:01 [INFO] BOOTSTRAP_MERGED 6 ESG Reporting frameworks.pdf -> frameworks/tcfd/index.md
2026-06-08T16:01:19 [INFO] BOOTSTRAP_REPORT Due Diligence in 6 stappen-NL-sep2021.pdf -> reports\2026\due-diligence-in-6-stappen-nl-sep2021.md
2026-06-08T16:02:50 [INFO] BOOTSTRAP_MERGED ESG Business Handbook.pdf -> standards/csrd/index.md
2026-06-08T16:02:50 [INFO] BOOTSTRAP_MERGED ESG Business Handbook.pdf -> standards/eu-taxonomy/index.md
2026-06-08T16:02:50 [INFO] BOOTSTRAP_MERGED ESG Business Handbook.pdf -> frameworks/un-sdgs/index.md
2026-06-08T16:02:50 [INFO] BOOTSTRAP_MERGED ESG Business Handbook.pdf -> standards/ghg-protocol/index.md
2026-06-08T16:04:01 [INFO] BOOTSTRAP_REPORT JRC144121_01.pdf -> reports\2026\jrc144121_01.md
2026-06-08T16:05:13 [INFO] BOOTSTRAP_MERGED Webinar VSME - Marlou Duchateau en Esther Roelofsen.pdf -> standards/vsme/index.md
2026-06-08T16:05:22 [INFO] BOOTSTRAP_MERGED Webinar VSME - Marlou Duchateau en Esther Roelofsen.pdf -> standards/esrs/index.md
2026-06-08T16:05:30 [INFO] BOOTSTRAP_MERGED Webinar VSME - Marlou Duchateau en Esther Roelofsen.pdf -> standards/csrd/index.md
2026-06-08T16:05:40 [INFO] BOOTSTRAP_MERGED Webinar VSME - Marlou Duchateau en Esther Roelofsen.pdf -> standards/ghg-protocol/index.md
2026-06-08T16:10:19 [INFO] BOOTSTRAP_SCAFFOLD 7 stub pages
2026-06-08T16:10:34 [INFO] BOOTSTRAP_RECONCILE 15 external links recorded
2026-06-11T12:25:21 [INFO] START Green Software Foundation -SCI for AI Specification.md
2026-06-11T12:25:21 [INFO] EXTRACTED 15802 chars from Green Software Foundation -SCI for AI Specification.md
2026-06-11T12:26:02 [INFO] WRITTEN docs\reports\2026\green-software-foundation--sci-for-ai-specification.md
2026-06-11T12:26:56 [INFO] DONE Green Software Foundation -SCI for AI Specification.md → green-software-foundation--sci-for-ai-specification.md
2026-06-15T14:04:38 [INFO] START An-architecture-for-sustainable-value-transition-within-social-and-planetary-boundaries-.pdf
2026-06-15T14:04:40 [INFO] EXTRACTED 144874 chars from An-architecture-for-sustainable-value-transition-within-social-and-planetary-boundaries-.pdf
2026-06-15T14:05:31 [INFO] WRITTEN docs\reports\2026\an-architecture-for-sustainable-value-transition-within-social-and-planetary-boundaries-.md
2026-06-15T14:06:07 [INFO] DONE An-architecture-for-sustainable-value-transition-within-social-and-planetary-boundaries-.pdf → an-architecture-for-sustainable-value-transition-within-social-and-planetary-boundaries-.md
2026-06-15T14:06:07 [INFO] START CSI - Green Software Foundation.pdf
2026-06-15T14:06:08 [INFO] EXTRACTED 19724 chars from CSI - Green Software Foundation.pdf
2026-06-15T14:06:59 [INFO] WRITTEN docs\reports\2026\csi---green-software-foundation.md
2026-06-15T14:07:45 [INFO] DONE CSI - Green Software Foundation.pdf → csi---green-software-foundation.md
2026-06-15T14:07:46 [INFO] START ESG audit checklist.pdf
2026-06-15T14:07:46 [INFO] EXTRACTED 24 chars from ESG audit checklist.pdf
2026-06-15T14:08:18 [INFO] WRITTEN docs\reports\2026\esg-audit-checklist.md
2026-06-15T14:09:03 [INFO] DONE ESG audit checklist.pdf → esg-audit-checklist.md
2026-06-15T14:09:03 [INFO] START OESO-richtlijnen+Nederlandse+vertaling.pdf
2026-06-15T14:09:10 [INFO] EXTRACTED 301105 chars from OESO-richtlijnen+Nederlandse+vertaling.pdf
2026-06-15T14:10:00 [INFO] WRITTEN docs\reports\2026\oeso-richtlijnen+nederlandse+vertaling.md
2026-06-15T14:10:25 [INFO] DONE OESO-richtlijnen+Nederlandse+vertaling.pdf → oeso-richtlijnen+nederlandse+vertaling.md
2026-06-15T14:10:25 [INFO] START Online bijeenkomst Grip op EU Duurzaamheidswetgeving deelversie.pdf
2026-06-15T14:10:26 [INFO] EXTRACTED 21127 chars from Online bijeenkomst Grip op EU Duurzaamheidswetgeving deelversie.pdf
2026-06-15T14:11:30 [INFO] WRITTEN docs\reports\2026\online-bijeenkomst-grip-op-eu-duurzaamheidswetgeving-deelversie.md
2026-06-15T14:12:15 [INFO] DONE Online bijeenkomst Grip op EU Duurzaamheidswetgeving deelversie.pdf → online-bijeenkomst-grip-op-eu-duurzaamheidswetgeving-deelversie.md
2026-06-15T14:12:15 [INFO] START Q&A nav Webinair VSME_Marlou en Esther.pdf
2026-06-15T14:12:16 [INFO] EXTRACTED 7272 chars from Q&A nav Webinair VSME_Marlou en Esther.pdf
2026-06-15T14:12:58 [INFO] WRITTEN docs\reports\2026\q&a-nav-webinair-vsme_marlou-en-esther.md
2026-06-15T14:13:29 [INFO] DONE Q&A nav Webinair VSME_Marlou en Esther.pdf → q&a-nav-webinair-vsme_marlou-en-esther.md
2026-06-15T14:13:29 [INFO] START SCI for Web Assembly Report.pdf
2026-06-15T14:13:30 [INFO] EXTRACTED 63856 chars from SCI for Web Assembly Report.pdf
2026-06-15T14:14:36 [INFO] WRITTEN docs\reports\2026\sci-for-web-assembly-report.md
2026-06-15T14:15:14 [INFO] DONE SCI for Web Assembly Report.pdf → sci-for-web-assembly-report.md
2026-06-15T14:15:14 [INFO] START SDG-CSRD-ESRS matrix.pdf
2026-06-15T14:15:14 [INFO] EXTRACTED 4504 chars from SDG-CSRD-ESRS matrix.pdf
2026-06-15T14:15:53 [INFO] WRITTEN docs\reports\2026\sdg-csrd-esrs-matrix.md
2026-06-15T14:16:39 [INFO] DONE SDG-CSRD-ESRS matrix.pdf → sdg-csrd-esrs-matrix.md
2026-06-15T14:16:39 [INFO] START VSME Standard NL onofficiële vertaling met AI.pdf
2026-06-15T14:16:41 [INFO] EXTRACTED 196812 chars from VSME Standard NL onofficiële vertaling met AI.pdf
2026-06-15T14:17:41 [INFO] WRITTEN docs\reports\2026\vsme-standard-nl-onofficiële-vertaling-met-ai.md
2026-06-15T14:18:37 [INFO] DONE VSME Standard NL onofficiële vertaling met AI.pdf → vsme-standard-nl-onofficiële-vertaling-met-ai.md
2026-06-15T14:26:03 [INFO] FINALIZE_RECONCILE 42 external links recorded
2026-06-15T14:26:29 [INFO] FINALIZE_COMMIT ingest: pipeline run 2026-06-15 14:26
2026-06-15T15:49:39 [INFO] START 6 ESG Reporting frameworks.pdf
2026-06-15T15:49:39 [INFO] EXTRACTED 2753 chars from 6 ESG Reporting frameworks.pdf
2026-06-15T15:50:12 [INFO] WRITTEN docs\reports\2026\6-esg-reporting-frameworks.md
2026-06-15T15:50:57 [INFO] DONE 6 ESG Reporting frameworks.pdf → 6-esg-reporting-frameworks.md
2026-06-15T15:50:57 [INFO] START ESG Business Handbook.pdf
2026-06-15T15:50:58 [INFO] EXTRACTED 117657 chars from ESG Business Handbook.pdf
2026-06-15T15:51:40 [INFO] WRITTEN docs\reports\2026\esg-business-handbook.md
2026-06-15T15:52:29 [INFO] DONE ESG Business Handbook.pdf → esg-business-handbook.md
2026-06-15T15:52:29 [INFO] START Webinar VSME - Marlou Duchateau en Esther Roelofsen.pdf
2026-06-15T15:52:30 [INFO] EXTRACTED 9137 chars from Webinar VSME - Marlou Duchateau en Esther Roelofsen.pdf
2026-06-15T15:53:25 [INFO] WRITTEN docs\reports\2026\webinar-vsme---marlou-duchateau-en-esther-roelofsen.md
2026-06-15T15:54:08 [INFO] DONE Webinar VSME - Marlou Duchateau en Esther Roelofsen.pdf → webinar-vsme---marlou-duchateau-en-esther-roelofsen.md
2026-06-15T16:01:49 [INFO] FINALIZE_RECONCILE 10 external links recorded
2026-06-15T16:02:17 [INFO] FINALIZE_COMMIT ingest: pipeline run 2026-06-15 16:02
2026-07-29T15:25:48 [INFO] START _OceanofPDF.com_Sustainability_Management_-_Ana_Cristina_Siqueira.pdf
2026-07-29T15:26:08 [INFO] EXTRACTED 1524141 chars from _OceanofPDF.com_Sustainability_Management_-_Ana_Cristina_Siqueira.pdf
2026-07-29T15:27:45 [INFO] START _OceanofPDF.com_Sustainability_Management_-_Ana_Cristina_Siqueira.pdf
2026-07-29T15:29:01 [INFO] EXTRACTED 1524141 chars from _OceanofPDF.com_Sustainability_Management_-_Ana_Cristina_Siqueira.pdf
2026-07-29T15:39:02 [ERROR] FAILED _OceanofPDF.com_Sustainability_Management_-_Ana_Cristina_Siqueira.pdf: timed out
2026-07-29T15:39:02 [INFO] START Corporate_Sustainability_Management_Towa.pdf
2026-07-29T15:39:04 [INFO] EXTRACTED 66618 chars from Corporate_Sustainability_Management_Towa.pdf
2026-07-29T15:39:04 [ERROR] FAILED Corporate_Sustainability_Management_Towa.pdf: unreadable extraction from Corporate_Sustainability_Management_Towa.pdf (66618 chars, likely a broken font encoding or image-only PDF) — needs OCR
2026-07-29T15:39:04 [INFO] START EFRAG Final Assessment Report web.pdf
2026-07-29T15:39:24 [INFO] EXTRACTED 221264 chars from EFRAG Final Assessment Report web.pdf
2026-07-29T15:39:52 [INFO] WRITTEN docs\reports\2026\_oceanofpdf.com_sustainability_management_-_ana_cristina_siqueira.md
2026-07-29T15:49:52 [INFO] START Corporate_Sustainability_Management_Towa.pdf
2026-07-29T15:49:52 [INFO] START EFRAG Final Assessment Report web.pdf
2026-07-29T15:50:02 [INFO] EXTRACTED 221264 chars from EFRAG Final Assessment Report web.pdf
2026-07-29T15:50:29 [INFO] WRITTEN docs\reports\2026\efrag-final-assessment-report-web.md
2026-07-29T15:55:18 [INFO] DONE EFRAG Final Assessment Report web.pdf → efrag-final-assessment-report-web.md
2026-07-29T15:55:18 [INFO] START Strategic Sustainability Communication.pdf
2026-07-29T15:55:20 [INFO] EXTRACTED 76787 chars from Strategic Sustainability Communication.pdf
2026-07-29T15:55:51 [INFO] WRITTEN docs\reports\2026\efrag-final-assessment-report-web.md
2026-07-29T16:03:00 [INFO] START Strategic Sustainability Communication.pdf
2026-07-29T16:03:02 [INFO] EXTRACTED 76787 chars from Strategic Sustainability Communication.pdf
2026-07-29T16:03:49 [INFO] WRITTEN docs\reports\2026\strategic-sustainability-communication.md
2026-07-29T16:12:07 [INFO] DONE Strategic Sustainability Communication.pdf → strategic-sustainability-communication.md
2026-07-29T16:12:07 [INFO] START Strategic_Management_for_Sustainability.pdf
2026-07-29T16:12:08 [INFO] EXTRACTED 97500 chars from Strategic_Management_for_Sustainability.pdf
2026-07-29T16:13:00 [INFO] WRITTEN docs\reports\2026\strategic-sustainability-communication.md
2026-07-29T16:23:00 [INFO] START Strategic_Management_for_Sustainability.pdf
2026-07-29T16:23:02 [INFO] EXTRACTED 97500 chars from Strategic_Management_for_Sustainability.pdf
2026-07-29T16:23:55 [INFO] WRITTEN docs\reports\2026\strategic_management_for_sustainability.md
2026-07-29T16:32:20 [INFO] DONE Strategic_Management_for_Sustainability.pdf → strategic_management_for_sustainability.md
2026-07-29T16:32:21 [INFO] START VSME-Digital-Template-and-XBRL-Taxonomy-Explanatory-Note-June-2026.pdf
2026-07-29T16:32:25 [INFO] EXTRACTED 75894 chars from VSME-Digital-Template-and-XBRL-Taxonomy-Explanatory-Note-June-2026.pdf
2026-07-29T16:33:16 [INFO] WRITTEN docs\reports\2026\strategic_management_for_sustainability.md
2026-07-29T16:41:35 [INFO] START VSME-Digital-Template-and-XBRL-Taxonomy-Explanatory-Note-June-2026.pdf
2026-07-29T16:41:38 [INFO] EXTRACTED 75894 chars from VSME-Digital-Template-and-XBRL-Taxonomy-Explanatory-Note-June-2026.pdf
2026-07-29T16:42:34 [INFO] WRITTEN docs\reports\2026\vsme-digital-template-and-xbrl-taxonomy-explanatory-note-june-2026.md
2026-07-29T16:50:18 [INFO] DONE VSME-Digital-Template-and-XBRL-Taxonomy-Explanatory-Note-June-2026.pdf → vsme-digital-template-and-xbrl-taxonomy-explanatory-note-june-2026.md
2026-07-29T16:51:18 [INFO] WRITTEN docs\reports\2026\vsme-digital-template-and-xbrl-taxonomy-explanatory-note-june-2026.md
2026-07-30T12:34:25 [INFO] FINALIZE_COMMIT ingest: pipeline run 2026-07-30 12:34
2026-07-30T12:34:28 [INFO] FINALIZE_PUSH pushed
2026-08-31T12:26:05 [INFO] START A_Handbook_on_Terminology_for_Climate_Ch.pdf
2026-08-31T12:26:06 [INFO] EXTRACTED 73K chars from A_Handbook_on_Terminology_for_Climate_Ch.pdf
2026-08-31T12:31:40 [INFO] WRITTEN docs\reports\2026\a_handbook_on_terminology_for_climate_ch.md
2026-08-31T12:33:29 [INFO] DONE A_Handbook_on_Terminology_for_Climate_Ch.pdf → a_handbook_on_terminology_for_climate_ch.md
2026-08-31T12:33:29 [INFO] START An_Integrated_Carbon_Accounting_and_Miti.pdf
2026-08-31T12:33:29 [INFO] EXTRACTED 18K chars from An_Integrated_Carbon_Accounting_and_Miti.pdf
2026-08-31T12:38:41 [INFO] WRITTEN docs\reports\2026\an_integrated_carbon_accounting_and_miti.md
2026-08-31T12:41:02 [INFO] DONE An_Integrated_Carbon_Accounting_and_Miti.pdf → an_integrated_carbon_accounting_and_miti.md
2026-08-31T12:41:02 [INFO] START Analysing_European_Union_circular_econom.pdf
2026-08-31T12:41:09 [INFO] EXTRACTED 109K chars from Analysing_European_Union_circular_econom.pdf
2026-08-31T12:51:02 [INFO] WRITTEN docs\reports\2026\analysing_european_union_circular_econom.md
2026-08-31T12:59:51 [INFO] DONE Analysing_European_Union_circular_econom.pdf → analysing_european_union_circular_econom.md
2026-08-31T12:59:51 [INFO] START Bold_leadership_radical_action_What_Bris.pdf
2026-08-31T12:59:55 [INFO] EXTRACTED 71K chars from Bold_leadership_radical_action_What_Bris.pdf
2026-08-31T13:05:40 [INFO] WRITTEN docs\reports\2026\bold_leadership_radical_action_what_bris.md
2026-08-31T13:08:33 [INFO] DONE Bold_leadership_radical_action_What_Bris.pdf → bold_leadership_radical_action_what_bris.md
2026-08-31T13:08:34 [INFO] START Carbon_Di_Oxide_a_Fact_and_an_Ecological.pdf
2026-08-31T13:08:35 [INFO] EXTRACTED 34K chars from Carbon_Di_Oxide_a_Fact_and_an_Ecological.pdf
2026-08-31T13:12:37 [INFO] WRITTEN docs\reports\2026\carbon_di_oxide_a_fact_and_an_ecological.md
2026-08-31T13:15:02 [INFO] DONE Carbon_Di_Oxide_a_Fact_and_an_Ecological.pdf → carbon_di_oxide_a_fact_and_an_ecological.md
2026-08-31T13:15:02 [INFO] START Carbon_Sequestration_Methodology_Benefit.pdf
2026-08-31T13:15:02 [INFO] EXTRACTED 10K chars from Carbon_Sequestration_Methodology_Benefit.pdf
2026-08-31T13:21:24 [INFO] WRITTEN docs\reports\2026\carbon_sequestration_methodology_benefit.md
2026-08-31T13:30:35 [INFO] DONE Carbon_Sequestration_Methodology_Benefit.pdf → carbon_sequestration_methodology_benefit.md
2026-08-31T13:30:35 [INFO] START Collaborative_Networks_in_Industry_4_0_a.pdf
2026-08-31T13:30:36 [INFO] EXTRACTED 27K chars from Collaborative_Networks_in_Industry_4_0_a.pdf
2026-08-31T13:40:50 [INFO] WRITTEN docs\reports\2026\collaborative_networks_in_industry_4_0_a.md
2026-08-31T14:00:50 [INFO] DONE Collaborative_Networks_in_Industry_4_0_a.pdf → collaborative_networks_in_industry_4_0_a.md
2026-08-31T14:00:50 [INFO] START Corporate_sustainability_strategy_bridgi.pdf
2026-08-31T14:00:51 [INFO] EXTRACTED 85K chars from Corporate_sustainability_strategy_bridgi.pdf
2026-08-31T14:07:39 [INFO] WRITTEN docs\reports\2026\corporate_sustainability_strategy_bridgi.md
2026-08-31T14:09:26 [INFO] DONE Corporate_sustainability_strategy_bridgi.pdf → corporate_sustainability_strategy_bridgi.md
2026-08-31T14:09:26 [INFO] START Determinants_of_Reducing_Greenhouse_Gas.pdf
2026-08-31T14:09:27 [INFO] EXTRACTED 102K chars from Determinants_of_Reducing_Greenhouse_Gas.pdf
2026-08-31T14:12:46 [INFO] WRITTEN docs\reports\2026\determinants_of_reducing_greenhouse_gas.md
2026-08-31T14:16:03 [INFO] DONE Determinants_of_Reducing_Greenhouse_Gas.pdf → determinants_of_reducing_greenhouse_gas.md
2026-08-31T14:16:03 [INFO] START Determining_undergraduate_students_envir.pdf
2026-08-31T14:16:03 [INFO] EXTRACTED 32K chars from Determining_undergraduate_students_envir.pdf
2026-08-31T14:21:52 [INFO] WRITTEN docs\reports\2026\determining_undergraduate_students_envir.md
2026-08-31T14:22:30 [INFO] DONE Determining_undergraduate_students_envir.pdf → determining_undergraduate_students_envir.md
2026-08-31T14:22:30 [INFO] START Development_of_a_Course_module_for_Clima.pdf
2026-08-31T14:22:30 [INFO] EXTRACTED 42K chars from Development_of_a_Course_module_for_Clima.pdf
2026-08-31T14:26:42 [INFO] WRITTEN docs\reports\2026\development_of_a_course_module_for_clima.md
2026-08-31T14:37:27 [INFO] DONE Development_of_a_Course_module_for_Clima.pdf → development_of_a_course_module_for_clima.md
2026-08-31T14:37:27 [INFO] START Exploring_the_Role_of_Carbon_Taxation_Po.pdf
2026-08-31T14:37:28 [INFO] EXTRACTED 60K chars from Exploring_the_Role_of_Carbon_Taxation_Po.pdf
2026-08-31T14:40:37 [INFO] WRITTEN docs\reports\2026\exploring_the_role_of_carbon_taxation_po.md
2026-08-31T14:43:16 [INFO] DONE Exploring_the_Role_of_Carbon_Taxation_Po.pdf → exploring_the_role_of_carbon_taxation_po.md
2026-08-31T14:43:16 [INFO] START Factors_Influencing_Energy_Consumption_i.pdf
2026-08-31T14:43:17 [INFO] EXTRACTED 99K chars from Factors_Influencing_Energy_Consumption_i.pdf
2026-08-31T14:46:05 [INFO] WRITTEN docs\reports\2026\factors_influencing_energy_consumption_i.md
2026-08-31T14:48:59 [INFO] DONE Factors_Influencing_Energy_Consumption_i.pdf → factors_influencing_energy_consumption_i.md
2026-08-31T14:48:59 [INFO] START GHG_Accounting_and_Reporting_Multi_Scope.pdf
2026-08-31T14:49:21 [INFO] EXTRACTED 539K chars from GHG_Accounting_and_Reporting_Multi_Scope.pdf
2026-08-31T14:52:11 [INFO] WRITTEN docs\reports\2026\ghg_accounting_and_reporting_multi_scope.md
2026-08-31T14:57:21 [INFO] DONE GHG_Accounting_and_Reporting_Multi_Scope.pdf → ghg_accounting_and_reporting_multi_scope.md
2026-08-31T14:57:21 [INFO] START GHG_Accounting_and_Reporting_Multi_Secto.pdf
2026-08-31T14:57:58 [INFO] EXTRACTED 383K chars from GHG_Accounting_and_Reporting_Multi_Secto.pdf
2026-08-31T15:00:35 [INFO] WRITTEN docs\reports\2026\ghg_accounting_and_reporting_multi_secto.md
2026-08-31T15:03:22 [INFO] DONE GHG_Accounting_and_Reporting_Multi_Secto.pdf → ghg_accounting_and_reporting_multi_secto.md
2026-08-31T15:03:23 [INFO] START GHG_emissions_from_settlements.pdf
2026-08-31T15:03:23 [INFO] EXTRACTED 28K chars from GHG_emissions_from_settlements.pdf
2026-08-31T15:09:10 [INFO] WRITTEN docs\reports\2026\ghg_emissions_from_settlements.md
2026-08-31T15:11:24 [INFO] DONE GHG_emissions_from_settlements.pdf → ghg_emissions_from_settlements.md
2026-08-31T15:11:24 [INFO] START GLOBAL_WARMING_AND_ITS_CONSEQUENCES.pdf
2026-08-31T15:11:24 [INFO] EXTRACTED 25K chars from GLOBAL_WARMING_AND_ITS_CONSEQUENCES.pdf
2026-08-31T15:16:53 [INFO] WRITTEN docs\reports\2026\global_warming_and_its_consequences.md
2026-08-31T15:24:50 [INFO] DONE GLOBAL_WARMING_AND_ITS_CONSEQUENCES.pdf → global_warming_and_its_consequences.md
2026-08-31T15:24:50 [INFO] START Global_Warming_and_the_Management_of_Zom.pdf
2026-08-31T15:24:50 [INFO] EXTRACTED 9K chars from Global_Warming_and_the_Management_of_Zom.pdf
2026-08-31T15:28:24 [INFO] WRITTEN docs\reports\2026\global_warming_and_the_management_of_zom.md
2026-08-31T15:30:32 [INFO] DONE Global_Warming_and_the_Management_of_Zom.pdf → global_warming_and_the_management_of_zom.md
2026-08-31T15:30:32 [INFO] START Greenhouse_effects_on_the_global_warming.pdf
2026-08-31T15:30:32 [INFO] EXTRACTED 3K chars from Greenhouse_effects_on_the_global_warming.pdf
2026-08-31T15:32:24 [INFO] WRITTEN docs\reports\2026\greenhouse_effects_on_the_global_warming.md
2026-08-31T15:33:15 [INFO] DONE Greenhouse_effects_on_the_global_warming.pdf → greenhouse_effects_on_the_global_warming.md
2026-08-31T15:33:15 [INFO] START Greening_the_Screen_An_Environmental_Cha.pdf
2026-08-31T15:33:15 [INFO] EXTRACTED 55K chars from Greening_the_Screen_An_Environmental_Cha.pdf
2026-08-31T15:37:40 [INFO] WRITTEN docs\reports\2026\greening_the_screen_an_environmental_cha.md
2026-08-31T15:39:22 [INFO] DONE Greening_the_Screen_An_Environmental_Cha.pdf → greening_the_screen_an_environmental_cha.md
2026-08-31T15:39:22 [INFO] START How_To_Go_With_And_Beyond_The_GDP_In_Fav.pdf
2026-08-31T15:39:23 [INFO] EXTRACTED 38K chars from How_To_Go_With_And_Beyond_The_GDP_In_Fav.pdf
2026-08-31T15:44:40 [INFO] WRITTEN docs\reports\2026\how_to_go_with_and_beyond_the_gdp_in_fav.md
2026-08-31T15:46:02 [INFO] DONE How_To_Go_With_And_Beyond_The_GDP_In_Fav.pdf → how_to_go_with_and_beyond_the_gdp_in_fav.md
2026-08-31T15:46:02 [INFO] START INTERNATIONAL_LAW_AND_CLIMATE_INDUCED_MI.pdf
2026-08-31T15:46:04 [INFO] EXTRACTED 123K chars from INTERNATIONAL_LAW_AND_CLIMATE_INDUCED_MI.pdf
2026-08-31T15:51:43 [INFO] WRITTEN docs\reports\2026\international_law_and_climate_induced_mi.md
2026-08-31T15:56:32 [INFO] DONE INTERNATIONAL_LAW_AND_CLIMATE_INDUCED_MI.pdf → international_law_and_climate_induced_mi.md
2026-08-31T15:56:33 [INFO] START Management_Accounting_as_a_Strategic_Dec.pdf
2026-08-31T15:56:33 [INFO] EXTRACTED 41K chars from Management_Accounting_as_a_Strategic_Dec.pdf
2026-08-31T15:59:40 [INFO] WRITTEN docs\reports\2026\management_accounting_as_a_strategic_dec.md
2026-08-31T16:01:10 [INFO] DONE Management_Accounting_as_a_Strategic_Dec.pdf → management_accounting_as_a_strategic_dec.md
2026-08-31T16:01:11 [INFO] START Smart_Port_Real_Time_Greenhouse_Gas_Meas.pdf
2026-08-31T16:01:15 [INFO] EXTRACTED 139K chars from Smart_Port_Real_Time_Greenhouse_Gas_Meas.pdf
2026-08-31T16:11:31 [INFO] WRITTEN docs\reports\2026\smart_port_real_time_greenhouse_gas_meas.md
2026-08-31T16:19:01 [INFO] DONE Smart_Port_Real_Time_Greenhouse_Gas_Meas.pdf → smart_port_real_time_greenhouse_gas_meas.md
2026-08-31T16:19:01 [INFO] START Solar_powered_net_zero_energy_houses_for.pdf
2026-08-31T16:19:01 [INFO] EXTRACTED 8K chars from Solar_powered_net_zero_energy_houses_for.pdf
2026-08-31T16:23:08 [INFO] WRITTEN docs\reports\2026\solar_powered_net_zero_energy_houses_for.md
2026-08-31T16:25:29 [INFO] DONE Solar_powered_net_zero_energy_houses_for.pdf → solar_powered_net_zero_energy_houses_for.md
2026-08-31T16:25:29 [INFO] START Synthesis_and_Characterization_of_Adsorb.pdf
2026-08-31T16:25:45 [INFO] EXTRACTED 421K chars from Synthesis_and_Characterization_of_Adsorb.pdf
2026-08-31T16:29:39 [INFO] WRITTEN docs\reports\2026\synthesis_and_characterization_of_adsorb.md
2026-08-31T16:31:30 [INFO] DONE Synthesis_and_Characterization_of_Adsorb.pdf → synthesis_and_characterization_of_adsorb.md
2026-08-31T16:31:30 [INFO] START The_Evolution_of_Sustainable_Finance_Par.pdf
2026-08-31T16:31:31 [INFO] EXTRACTED 65K chars from The_Evolution_of_Sustainable_Finance_Par.pdf
2026-08-31T16:37:09 [INFO] WRITTEN docs\reports\2026\the_evolution_of_sustainable_finance_par.md
2026-08-31T16:39:15 [INFO] DONE The_Evolution_of_Sustainable_Finance_Par.pdf → the_evolution_of_sustainable_finance_par.md
2026-08-31T16:39:15 [INFO] START The_Geometric_Fraud_of_the_Greenhouse_Ef.pdf
2026-08-31T16:39:15 [INFO] EXTRACTED 18K chars from The_Geometric_Fraud_of_the_Greenhouse_Ef.pdf
2026-08-31T16:46:52 [INFO] WRITTEN docs\reports\2026\the_geometric_fraud_of_the_greenhouse_ef.md
2026-08-31T16:50:12 [INFO] DONE The_Geometric_Fraud_of_the_Greenhouse_Ef.pdf → the_geometric_fraud_of_the_greenhouse_ef.md
2026-08-31T16:50:12 [INFO] START The_Political_Life_of_Everyday_Sustainab.pdf
2026-08-31T16:50:12 [INFO] EXTRACTED 59K chars from The_Political_Life_of_Everyday_Sustainab.pdf
2026-08-31T16:59:12 [INFO] WRITTEN docs\reports\2026\the_political_life_of_everyday_sustainab.md
2026-08-31T16:59:41 [INFO] DONE The_Political_Life_of_Everyday_Sustainab.pdf → the_political_life_of_everyday_sustainab.md
2026-08-31T16:59:41 [INFO] START The_Shallow_Consensus_SDGs_Leverage_Poin.pdf
2026-08-31T16:59:44 [INFO] EXTRACTED 88K chars from The_Shallow_Consensus_SDGs_Leverage_Poin.pdf
2026-08-31T17:03:31 [INFO] WRITTEN docs\reports\2026\the_shallow_consensus_sdgs_leverage_poin.md
2026-08-31T17:05:25 [INFO] DONE The_Shallow_Consensus_SDGs_Leverage_Poin.pdf → the_shallow_consensus_sdgs_leverage_poin.md
2026-08-31T17:05:25 [INFO] START THE_STANDARD_CLIMATE_PARADIGM_DOES_NOT_S.pdf
2026-08-31T17:05:26 [INFO] EXTRACTED 80K chars from THE_STANDARD_CLIMATE_PARADIGM_DOES_NOT_S.pdf
2026-08-31T17:08:38 [INFO] WRITTEN docs\reports\2026\the_standard_climate_paradigm_does_not_s.md
2026-08-31T17:10:12 [INFO] DONE THE_STANDARD_CLIMATE_PARADIGM_DOES_NOT_S.pdf → the_standard_climate_paradigm_does_not_s.md
2026-08-31T17:10:12 [INFO] START The_State_of_Sustainability_in_Higher_Ed.pdf
2026-08-31T17:10:12 [INFO] EXTRACTED 66K chars from The_State_of_Sustainability_in_Higher_Ed.pdf
2026-08-31T17:13:34 [INFO] WRITTEN docs\reports\2026\the_state_of_sustainability_in_higher_ed.md
2026-08-31T17:15:14 [INFO] DONE The_State_of_Sustainability_in_Higher_Ed.pdf → the_state_of_sustainability_in_higher_ed.md
2026-08-31T17:15:14 [INFO] START Transition_to_a_Sustainable_Circular_Soc.pdf
2026-08-31T17:15:14 [INFO] EXTRACTED 76K chars from Transition_to_a_Sustainable_Circular_Soc.pdf
2026-08-31T17:22:33 [INFO] WRITTEN docs\reports\2026\transition_to_a_sustainable_circular_soc.md
2026-08-31T17:25:08 [INFO] DONE Transition_to_a_Sustainable_Circular_Soc.pdf → transition_to_a_sustainable_circular_soc.md
2026-08-31T18:25:41 [INFO] FINALIZE_RECONCILE 24 external links recorded
2026-08-31T18:26:05 [ERROR] FINALIZE_ABORT strict build failed
